npx : [33mYou are 
using Node.js 20.18.0. 
Vite requires Node.js 
version 20.19+ or 
22.12+. Please upgrade 
your Node.js 
version.[39m
At line:1 char:1
+ npx vite build > 
build_output.txt 2>&1
+ ~~~~~~~~~~~~~~~~~~~~~~
~~~~~~~~~~~~~~~~
    + CategoryInfo      
        : NotSpecified  
  : ([33mYou are us.   
 ..s version.[39m:S    
tring) [], RemoteEx    
ception
    + FullyQualifiedErr 
   orId : NativeComman  
  dError
 
[36mvite v7.3.1 [32mbuilding client environment for production...[36m[39m
transforming...
[32mΓ£ô[39m 1043 modules transformed.
[31mΓ£ù[39m Build 
failed in 1.84s
[31merror during build:
[31mCould not resolve 
"../utils/api" from "src
/pages/Analytics.jsx"[3
1m
file: [36mC:/Users/Thar
anish/Desktop/PBL/Projec
t01/ML-Student-Risk-Syst
em/frontend/src/pages/An
alytics.jsx[31m
    at getRollupError (f
ile:///C:/Users/Tharanis
h/Desktop/PBL/Project01/
ML-Student-Risk-System/f
rontend/node_modules/rol
lup/dist/es/shared/parse
Ast.js:402:41)
    at error (file:///C:
/Users/Tharanish/Desktop
/PBL/Project01/ML-Studen
t-Risk-System/frontend/n
ode_modules/rollup/dist/
es/shared/parseAst.js:39
8:42)
    at ModuleLoader.hand
leInvalidResolvedId (fil
e:///C:/Users/Tharanish/
Desktop/PBL/Project01/ML
-Student-Risk-System/fro
ntend/node_modules/rollu
p/dist/es/shared/node-en
try.js:21687:24)
    at file:///C:/Users/
Tharanish/Desktop/PBL/Pr
oject01/ML-Student-Risk-
System/frontend/node_mod
ules/rollup/dist/es/shar
ed/node-entry.js:21647:2
6[39m
